
> bet-flow@0.0.1 build
> next build

